  raytracing.cpp
D:\tinyraytracer_learn\lib\Object.h(10,3): warning C4265: "Object": 类包含虚函数，但其不常用的析构函数不是虚函数；该类的实例可能无法进行正确析构
  (编译源文件“../lib/raytracing.cpp”)
  
D:\tinyraytracer_learn\lib\Object.h(34,8): warning C4820: "Sphere": 数据成员 "Sphere::radius" 后添加了 "4" 字节填充
  (编译源文件“../lib/raytracing.cpp”)
  
D:\tinyraytracer_learn\lib\Object.h(28,3): warning C4265: "Sphere": 类包含虚函数，但其不常用的析构函数不是虚函数；该类的实例可能无法进行正确析构
  (编译源文件“../lib/raytracing.cpp”)
  
D:\tinyraytracer_learn\lib\Object.h(52,11): warning C4820: "Plane": 数据成员 "Plane::extra_material" 后添加了 "4" 字节填充
  (编译源文件“../lib/raytracing.cpp”)
  
D:\tinyraytracer_learn\lib\Object.h(42,3): warning C4265: "Plane": 类包含虚函数，但其不常用的析构函数不是虚函数；该类的实例可能无法进行正确析构
  (编译源文件“../lib/raytracing.cpp”)
  
D:\tinyraytracer_learn\lib\model.h(13,14): warning C4820: "Model": 数据成员 "Model::material" 后添加了 "4" 字节填充
  (编译源文件“../lib/raytracing.cpp”)
  
D:\tinyraytracer_learn\lib\raytracing.cpp(20,23): warning C4388: “<”: 有符号/无符号不匹配
D:\tinyraytracer_learn\lib\raytracing.cpp(22,20): warning C4365: “参数”: 从“int”转换到“const unsigned __int64”，有符号/无符号不匹配
D:\tinyraytracer_learn\lib\raytracing.cpp(27,43): warning C4365: “参数”: 从“int”转换到“const unsigned __int64”，有符号/无符号不匹配
D:\tinyraytracer_learn\lib\raytracing.cpp(27,34): warning C4388: “<”: 有符号/无符号不匹配
D:\tinyraytracer_learn\lib\raytracing.cpp(29,28): warning C4365: “参数”: 从“int”转换到“const unsigned __int64”，有符号/无符号不匹配
D:\tinyraytracer_learn\lib\raytracing.cpp(29,61): warning C4267: “参数”: 从“size_t”转换到“const int”，可能丢失数据
D:\tinyraytracer_learn\lib\raytracing.cpp(29,61): warning C4365: “参数”: 从“size_t”转换到“const int”，有符号/无符号不匹配
D:\tinyraytracer_learn\lib\raytracing.cpp(33,37): warning C4365: “参数”: 从“int”转换到“const unsigned __int64”，有符号/无符号不匹配
D:\tinyraytracer_learn\lib\raytracing.cpp(35,39): warning C4365: “参数”: 从“int”转换到“const unsigned __int64”，有符号/无符号不匹配
D:\tinyraytracer_learn\lib\Material.h(8,3): warning C5267: 已弃用“Material”的隐式 赋值运算符 定义，因为它具有用户提供的 析构函数
  (编译源文件“../lib/raytracing.cpp”)
      D:\tinyraytracer_learn\lib\raytracing.cpp(35,30):
      此处首先需要“Material”的隐式 赋值运算符
  
D:\tinyraytracer_learn\lib\Material.h(7,2): warning C4514: “Material::Material”: 未引用的内联函数已移除
  (编译源文件“../lib/raytracing.cpp”)
  
D:\tinyraytracer_learn\lib\Material.h(8,3): warning C4514: “Material::~Material”: 未引用的内联函数已移除
  (编译源文件“../lib/raytracing.cpp”)
  
D:\tinyraytracer_learn\lib\Material.h(9,2): warning C4514: “Material::Material”: 未引用的内联函数已移除
  (编译源文件“../lib/raytracing.cpp”)
  
D:\tinyraytracer_learn\lib\Material.h(10,2): warning C4514: “Material::Material”: 未引用的内联函数已移除
  (编译源文件“../lib/raytracing.cpp”)
  
D:\tinyraytracer_learn\lib\raytracing.cpp(11,1): warning C5045: 如果指定了 /Qspectre 开关，编译器会插入内存负载的 Spectre 缓解 
D:\tinyraytracer_learn\lib\raytracing.cpp(11,1): warning C5045: D:\tinyraytracer_learn\lib\raytracing.cpp(6) : 注意: 在此行上通过对比检查索引 "i" 范围
D:\tinyraytracer_learn\lib\raytracing.cpp(11,1): warning C5045: D:\tinyraytracer_learn\lib\raytracing.cpp(11) : 注意: 此行上的源内存负载
D:\tinyraytracer_learn\lib\raytracing.cpp(9,1): warning C5045: 如果指定了 /Qspectre 开关，编译器会插入内存负载的 Spectre 缓解 
D:\tinyraytracer_learn\lib\raytracing.cpp(9,1): warning C5045: D:\tinyraytracer_learn\lib\raytracing.cpp(6) : 注意: 在此行上通过对比检查索引 "i" 范围
D:\tinyraytracer_learn\lib\raytracing.cpp(9,1): warning C5045: D:\tinyraytracer_learn\lib\raytracing.cpp(9) : 注意: 此行上的源内存负载
D:\tinyraytracer_learn\lib\raytracing.cpp(35,1): warning C5045: 如果指定了 /Qspectre 开关，编译器会插入内存负载的 Spectre 缓解 
D:\tinyraytracer_learn\lib\raytracing.cpp(35,1): warning C5045: D:\tinyraytracer_learn\lib\raytracing.cpp(27) : 注意: 在此行上通过对比检查索引 "" 范围
D:\tinyraytracer_learn\lib\raytracing.cpp(35,1): warning C5045: D:\tinyraytracer_learn\lib\raytracing.cpp(35) : 注意: 此行上的源调用
D:\tinyraytracer_learn\lib\raytracing.cpp(29,1): warning C5045: 如果指定了 /Qspectre 开关，编译器会插入内存负载的 Spectre 缓解 
D:\tinyraytracer_learn\lib\raytracing.cpp(29,1): warning C5045: D:\tinyraytracer_learn\lib\raytracing.cpp(27) : 注意: 在此行上通过对比检查索引 "" 范围
D:\tinyraytracer_learn\lib\raytracing.cpp(29,1): warning C5045: D:\tinyraytracer_learn\lib\raytracing.cpp(29) : 注意: 此行上的源调用
D:\tinyraytracer_learn\lib\raytracing.cpp(27,1): warning C5045: 如果指定了 /Qspectre 开关，编译器会插入内存负载的 Spectre 缓解 
D:\tinyraytracer_learn\lib\raytracing.cpp(27,1): warning C5045: D:\tinyraytracer_learn\lib\raytracing.cpp(20) : 注意: 在此行上通过对比检查索引 "" 范围
D:\tinyraytracer_learn\lib\raytracing.cpp(27,1): warning C5045: D:\tinyraytracer_learn\lib\raytracing.cpp(27) : 注意: 此行上的源调用
D:\tinyraytracer_learn\lib\raytracing.cpp(22,1): warning C5045: 如果指定了 /Qspectre 开关，编译器会插入内存负载的 Spectre 缓解 
D:\tinyraytracer_learn\lib\raytracing.cpp(22,1): warning C5045: D:\tinyraytracer_learn\lib\raytracing.cpp(20) : 注意: 在此行上通过对比检查索引 "" 范围
D:\tinyraytracer_learn\lib\raytracing.cpp(22,1): warning C5045: D:\tinyraytracer_learn\lib\raytracing.cpp(22) : 注意: 此行上的源调用
  tinyraytracer.vcxproj -> D:\tinyraytracer_learn\build\Debug\tinyraytracer.exe
